################################################################################
#                                                                              #
#      IAR Universal Linker V5.0.2.5/W32                                       #
#                                                                              #
#           Link time     =  05/Sep/2018  15:22:26                             #
#           Target CPU    =  x51                                               #
#           List file     =  C:\Users\Administrator\Desktop\A1\20180810-Nsuo\² #
#                            »Í¬²½\BLE_NEW\Projects\ble\util\SBL\iar\cc254x\CC #
#                            254xF256_UART0_ALT1\List\sbl.map                  #
#           Output file 1 =  C:\Users\Administrator\Desktop\A1\20180810-Nsuo\² #
#                            »Í¬²½\BLE_NEW\Projects\ble\util\SBL\iar\cc254x\CC #
#                            254xF256_UART0_ALT1\Exe\SBL_CC254xF256_UART0_ALT1 #
#                            .hex                                              #
#                            Format: intel-extended                            #
#           Output file 2 =  C:\Users\Administrator\Desktop\A1\20180810-Nsuo\² #
#                            »Í¬²½\BLE_NEW\Projects\ble\util\SBL\iar\cc254x\CC #
#                            254xF256_UART0_ALT1\Exe\sbl.d51                   #
#                            Format: debug                                     #
#                            UBROF version 10.0.3                              #
#                            Using library modules for C-SPY (-rt)             #
#           Command line  =  -D_NR_OF_BANKS=0 -D_CODEBANK_END=0                #
#                            -D_CODEBANK_START=0                               #
#                            "-IC:\Program Files (x86)\IAR Systems\Embedded Wo #
#                            rkbench 6.0\8051\CONFIG\"                         #
#                            C:\Users\Administrator\Desktop\A1\20180810-Nsuo\² #
#                            »Í¬²½\BLE_NEW\Projects\ble\util\SBL\iar\cc254x\CC #
#                            254xF256_UART0_ALT1\Obj\hal_adc.r51               #
#                            C:\Users\Administrator\Desktop\A1\20180810-Nsuo\² #
#                            »Í¬²½\BLE_NEW\Projects\ble\util\SBL\iar\cc254x\CC #
#                            254xF256_UART0_ALT1\Obj\hal_flash.r51             #
#                            C:\Users\Administrator\Desktop\A1\20180810-Nsuo\² #
#                            »Í¬²½\BLE_NEW\Projects\ble\util\SBL\iar\cc254x\CC #
#                            254xF256_UART0_ALT1\Obj\sbl_exec.r51              #
#                            C:\Users\Administrator\Desktop\A1\20180810-Nsuo\² #
#                            »Í¬²½\BLE_NEW\Projects\ble\util\SBL\iar\cc254x\CC #
#                            254xF256_UART0_ALT1\Obj\sbl_ivec.r51              #
#                            C:\Users\Administrator\Desktop\A1\20180810-Nsuo\² #
#                            »Í¬²½\BLE_NEW\Projects\ble\util\SBL\iar\cc254x\CC #
#                            254xF256_UART0_ALT1\Obj\sbl_main.r51              #
#                            -o                                                #
#                            C:\Users\Administrator\Desktop\A1\20180810-Nsuo\² #
#                            »Í¬²½\BLE_NEW\Projects\ble\util\SBL\iar\cc254x\CC #
#                            254xF256_UART0_ALT1\Exe\sbl.d51                   #
#                            -l                                                #
#                            C:\Users\Administrator\Desktop\A1\20180810-Nsuo\² #
#                            »Í¬²½\BLE_NEW\Projects\ble\util\SBL\iar\cc254x\CC #
#                            254xF256_UART0_ALT1\List\sbl.map                  #
#                            -xmsn                                             #
#                            -IC:\Users\Administrator\Desktop\A1\20180810-Nsuo #
#                            \²»Í¬²½\BLE_NEW\Projects\ble\util\SBL\iar\cc254x\ #
#                            ..\..\app\cc254x\                                 #
#                            -f sbl_cc254x.xcl (-D_XDATA_BEG=0x0000            #
#                            -D_XDATA_END=0x1EFF -D_IDATA_END=0xFF             #
#                            -D_IVEC_BEG=0x0000 -D_IVEC_END=0x07FF             #
#                            -D_BANK7_BEG=0x7F800 -D_BANK7_END=0x7FFE7         #
#                            -D?REGISTER_BANK=0 -D_REGISTER_BANK_BEG=0         #
#                            -D?PBANK_NUMBER=00 -D_BREG_BEG=0x00 -D?VB=0x20    #
#                            -Z(BIT)BREG=_BREG_BEG -Z(BIT)BIT_N=0-7F           #
#                            -Z(DATA)REGISTERS+8=_REGISTER_BANK_BEG            #
#                            -Z(DATA)BDATA_Z,BDATA_N,BDATA_I=20-2F             #
#                            -Z(DATA)VREG+_NR_OF_VIRTUAL_REGISTERS=08-7F       #
#                            -Z(DATA)PSP,XSP=08-7F -Z(DATA)DOVERLAY=08-7F      #
#                            -Z(DATA)DATA_I,DATA_Z,DATA_N=08-7F                #
#                            -U(IDATA)0-7F=(DATA)0-7F                          #
#                            -Z(IDATA)IDATA_I,IDATA_Z,IDATA_N=08-_IDATA_END    #
#                            -Z(IDATA)ISTACK+_IDATA_STACK_SIZE#08-_IDATA_END   #
#                            -Z(IDATA)IOVERLAY=08-FF                           #
#                            -Z(CODE)INTVEC=_IVEC_BEG                          #
#                            -Z(CODE)BIT_ID,BDATA_ID,DATA_ID,IDATA_ID,IXDATA_I #
#                            D,PDATA_ID,XDATA_ID=_IVEC_BEG-_IVEC_END           #
#                            -P(CODE)CSTART,RCODE,DIFUNCT,NEAR_CODE=_IVEC_BEG- #
#                            _IVEC_END                                         #
#                            -P(CODE)BANK_RELAYS=_IVEC_BEG-_IVEC_END           #
#                            -P(CODE)BANKED_CODE=_IVEC_BEG-_IVEC_END,_BANK7_BE #
#                            G-_BANK7_END                                      #
#                            -Z(XDATA)XSTACK+_XDATA_STACK_SIZE=_XDATA_BEG-_XDA #
#                            TA_END                                            #
#                            -Z(XDATA)XDATA_Z,XDATA_I,PDATA_Z=_XDATA_BEG-_XDAT #
#                            A_END                                             #
#                            -P(XDATA)XDATA_N=_XDATA_BEG-_XDATA_END -cx51      #
#                            -D_FIRST_BANK_ADDR=0x10000                        #
#                            -M(CODE)[(_CODEBANK_START+_FIRST_BANK_ADDR)-(_COD #
#                            EBANK_END+_FIRST_BANK_ADDR)]*_NR_OF_BANKS+_FIRST_ #
#                            BANK_ADDR=0x8000                                  #
#                            -ww69=i -HFFFF) -D_NR_OF_VIRTUAL_REGISTERS=10     #
#                            -D?PBANK=0x93 -rt                                 #
#                            -Ointel-extended=C:\Users\Administrator\Desktop\A #
#                            1\20180810-Nsuo\²»Í¬²½\BLE_NEW\Projects\ble\util\ #
#                            SBL\iar\cc254x\CC254xF256_UART0_ALT1\Exe\SBL_CC25 #
#                            4xF256_UART0_ALT1.hex                             #
#                            -s __program_start                                #
#                            "C:\Program Files (x86)\IAR Systems\Embedded Work #
#                            bench 6.0\8051\LIB\CLIB\cl-pli-nlxd-1e16x01.r51"  #
#                            -D_IDATA_STACK_SIZE=0xC0                          #
#                            -D_EXTENDED_STACK_START=0x00                      #
#                            -D_EXTENDED_STACK_SIZE=0x00                       #
#                            -D_PDATA_STACK_SIZE=0x0                           #
#                            -D_XDATA_STACK_SIZE=0x180                         #
#                            -D_XDATA_HEAP_SIZE=0xFF -D_FAR_HEAP_SIZE=0xFFF    #
#                            -D_HUGE_HEAP_SIZE=0xFFF                           #
#                            -D_FAR22_HEAP_SIZE=0xFFF                          #
#                                                                              #
#                           Copyright (C) 1987-2010 IAR Systems AB.            #
################################################################################





                ****************************************
                *                                      *
                *           CROSS REFERENCE            *
                *                                      *
                ****************************************

       Program entry at : CODE      0000073E  Relocatable, from module : CSTARTUP




                ****************************************
                *                                      *
                *            RUNTIME MODEL             *
                *                                      *
                ****************************************

  __SystemLibrary          = CLib
  __calling_convention     = xdata_reentrant
  __code_model             = near
  __core                   = plain
  __data_model             = large
  __dptr_size              = 16
  __extended_stack         = disabled
  __location_for_constants = data
  __number_of_dptrs        = 1
  __rt_version             = 1



                ****************************************
                *                                      *
                *              MODULE MAP              *
                *                                      *
                ****************************************


  DEFINED ABSOLUTE ENTRIES
  PROGRAM MODULE, NAME : ?ABS_ENTRY_MOD

Absolute parts
           ENTRY                   ADDRESS         REF BY
           =====                   =======         ======
           _FAR22_HEAP_SIZE        00000FFF 
           _HUGE_HEAP_SIZE         00000FFF 
           _FAR_HEAP_SIZE          00000FFF 
           _XDATA_HEAP_SIZE        000000FF 
           _XDATA_STACK_SIZE       00000180 
           _PDATA_STACK_SIZE       00000000 
           _EXTENDED_STACK_SIZE    00000000 
           _EXTENDED_STACK_START   00000000 
           _IDATA_STACK_SIZE       000000C0 
           ?PBANK                  00000093 
           _NR_OF_VIRTUAL_REGISTERS
                                   00000010 
           _FIRST_BANK_ADDR        00010000 
           ?VB                     00000020        ?FUNC_ENTER_XDATA (?FUNC_ENTER_XDATA)
                                                   ?FUNC_LEAVE_XDATA (?FUNC_LEAVE_XDATA)
           _BREG_BEG               00000000 
           ?PBANK_NUMBER           00000000 
           _REGISTER_BANK_BEG      00000000 
           ?REGISTER_BANK          00000000        Segment part 6 (CSTARTUP)
           _BANK7_END              0007FFE7 
           _BANK7_BEG              0007F800 
           _IVEC_END               000007FF 
           _IVEC_BEG               00000000 
           _IDATA_END              000000FF 
           _XDATA_END              00001EFF 
           _XDATA_BEG              00000000 
           _CODEBANK_START         00000000 
           _CODEBANK_END           00000000 
           _NR_OF_BANKS            00000000 
    *************************************************************************

  FILE NAME : C:\Users\Administrator\Desktop\A1\20180810-Nsuo\²»Í¬²½\BLE_NEW\Projects\ble\util\SBL\iar\cc254x\CC254xF256_UART0_ALT1\Obj\hal_adc.r51
  PROGRAM MODULE, NAME : hal_adc

  SEGMENTS IN THE MODULE
  ======================
SFR_AN
  Relative segment, address: DATA 000000B4 - 000000B4 (0x1 bytes), align: 0
  Segment part 1. ROOT.       Intra module refs:   HalAdcCheckVdd
           ENTRY                   ADDRESS         REF BY
           =====                   =======         ======
           ADCCON1                 000000B4 
    -------------------------------------------------------------------------
SFR_AN
  Relative segment, address: DATA 000000B6 - 000000B6 (0x1 bytes), align: 0
  Segment part 2. ROOT.       Intra module refs:   HalAdcCheckVdd
           ENTRY                   ADDRESS         REF BY
           =====                   =======         ======
           ADCCON3                 000000B6 
    -------------------------------------------------------------------------
SFR_AN
  Relative segment, address: DATA 000000BA - 000000BA (0x1 bytes), align: 0
  Segment part 3. ROOT.
           ENTRY                   ADDRESS         REF BY
           =====                   =======         ======
           ADCL                    000000BA 
    -------------------------------------------------------------------------
SFR_AN
  Relative segment, address: DATA 000000BB - 000000BB (0x1 bytes), align: 0
  Segment part 4. ROOT.       Intra module refs:   HalAdcCheckVdd
           ENTRY                   ADDRESS         REF BY
           =====                   =======         ======
           ADCH                    000000BB 
    -------------------------------------------------------------------------
SFR_AN
  Relative segment, address: DATA 000000F2 - 000000F2 (0x1 bytes), align: 0
  Segment part 5. ROOT.
           ENTRY                   ADDRESS         REF BY
           =====                   =======         ======
           ADCCFG                  000000F2 
    -------------------------------------------------------------------------
<CSTART,NEAR_CODE,RCODE> 1 (was NEAR_CODE)
  Relative segment, address: CODE 000006DE - 000006F4 (0x17 bytes), align: 0
  Segment part 16.
           ENTRY                   ADDRESS         REF BY
           =====                   =======         ======
           HalAdcCheckVdd          000006DE        main (sbl_main)

    *************************************************************************

  FILE NAME : C:\Users\Administrator\Desktop\A1\20180810-Nsuo\²»Í¬²½\BLE_NEW\Projects\ble\util\SBL\iar\cc254x\CC254xF256_UART0_ALT1\Obj\hal_flash.r51
  PROGRAM MODULE, NAME : hal_flash

  SEGMENTS IN THE MODULE
  ======================
SFR_AN
  Relative segment, address: DATA 000000A8 - 000000A8 (0x1 bytes), align: 0
  Segment part 1. ROOT.       Intra module refs:   HalFlashRead
                                                   main (sbl_main)
                                                   sblPoll (sbl_exec)
                                                   sblRun (sbl_main)
           ENTRY                   ADDRESS         REF BY
           =====                   =======         ======
           _A_IEN0                 000000A8 
           LOCAL                   ADDRESS         
           =====                   =======         
           IEN0                    000000A8 
    -------------------------------------------------------------------------
SFR_AN
  Relative segment, address: DATA 000000C7 - 000000C7 (0x1 bytes), align: 0
  Segment part 2. ROOT.       Intra module refs:   HalFlashRead
           ENTRY                   ADDRESS         REF BY
           =====                   =======         ======
           MEMCTR                  000000C7 
    -------------------------------------------------------------------------
SFR_AN
  Relative segment, address: DATA 000000D1 - 000000D1 (0x1 bytes), align: 0
  Segment part 3. ROOT.       Intra module refs:   HalFlashWrite
           ENTRY                   ADDRESS         REF BY
           =====                   =======         ======
           DMAIRQ                  000000D1 
    -------------------------------------------------------------------------
SFR_AN
  Relative segment, address: DATA 000000D6 - 000000D6 (0x1 bytes), align: 0
  Segment part 4. ROOT.       Intra module refs:   HalFlashWrite
           ENTRY                   ADDRESS         REF BY
           =====                   =======         ======
           DMAARM                  000000D6 
    -------------------------------------------------------------------------
<CSTART,NEAR_CODE,RCODE> 1 (was NEAR_CODE)
  Relative segment, address: CODE 000004E8 - 00000568 (0x81 bytes), align: 0
  Segment part 10.
           ENTRY                   ADDRESS         REF BY
           =====                   =======         ======
           HalFlashRead            000004E8        sblInit (sbl_exec)
                                                   sblProc (sbl_exec)
               XSTACK = 00000002 ( 0000000B )
               ISTACK = 00000000 ( 00000001 )
    -------------------------------------------------------------------------
<CSTART,NEAR_CODE,RCODE> 1 (was NEAR_CODE)
  Relative segment, address: CODE 00000569 - 000005CC (0x64 bytes), align: 0
  Segment part 11.
           ENTRY                   ADDRESS         REF BY
           =====                   =======         ======
           HalFlashWrite           00000569        sblProc (sbl_exec)
               XSTACK = 00000002 ( 00000009 )
    -------------------------------------------------------------------------
<CSTART,NEAR_CODE,RCODE> 1 (was NEAR_CODE)
  Relative segment, address: CODE 000005CD - 000005E3 (0x17 bytes), align: 0
  Segment part 12.
           ENTRY                   ADDRESS         REF BY
           =====                   =======         ======
           HalFlashErase           000005CD        sblProc (sbl_exec)
               ISTACK = 00000000 ( 00000002 )

    *************************************************************************

  FILE NAME : C:\Users\Administrator\Desktop\A1\20180810-Nsuo\²»Í¬²½\BLE_NEW\Projects\ble\util\SBL\iar\cc254x\CC254xF256_UART0_ALT1\Obj\sbl_exec.r51
  PROGRAM MODULE, NAME : sbl_exec

  SEGMENTS IN THE MODULE
  ======================
SFR_AN
  Relative segment, address: DATA 000000C9 - 000000C9 (0x1 bytes), align: 0
  Segment part 2. ROOT.       Intra module refs:   main (sbl_main)
                                                   sblPoll
                                                   sblRun (sbl_main)
           ENTRY                   ADDRESS         REF BY
           =====                   =======         ======
           WDCTL                   000000C9 
    -------------------------------------------------------------------------
XDATA_Z
  Relative segment, address: XDATA 00000180 - 0000027F (0x100 bytes), align: 0
  Segment part 8.             Intra module refs:   sblPoll
                                                   sblProc
           LOCAL                   ADDRESS         
           =====                   =======         
           rpcBuf                  00000180 
    -------------------------------------------------------------------------
XDATA_Z
  Relative segment, address: XDATA 00000280 - 00000280 (0x1 bytes), align: 0
  Segment part 9.             Intra module refs:   sblPoll
           LOCAL                   ADDRESS         
           =====                   =======         
           sbFcs                   00000280 
    -------------------------------------------------------------------------
XDATA_Z
  Relative segment, address: XDATA 00000281 - 00000281 (0x1 bytes), align: 0
  Segment part 10.            Intra module refs:   sblPoll
           LOCAL                   ADDRESS         
           =====                   =======         
           sbIdx                   00000281 
    -------------------------------------------------------------------------
XDATA_Z
  Relative segment, address: XDATA 00000282 - 00000282 (0x1 bytes), align: 0
  Segment part 11.            Intra module refs:   sblPoll
           LOCAL                   ADDRESS         
           =====                   =======         
           sbLen                   00000282 
    -------------------------------------------------------------------------
XDATA_Z
  Relative segment, address: XDATA 00000283 - 00000283 (0x1 bytes), align: 0
  Segment part 12.            Intra module refs:   sblPoll
           LOCAL                   ADDRESS         
           =====                   =======         
           rpcSte                  00000283 
    -------------------------------------------------------------------------
<CSTART,NEAR_CODE,RCODE> 1 (was NEAR_CODE)
  Relative segment, address: CODE 0000008E - 000000F2 (0x65 bytes), align: 0
  Segment part 13.
           ENTRY                   ADDRESS         REF BY
           =====                   =======         ======
           sblInit                 0000008E        main (sbl_main)
               calls direct
               XSTACK = 00000000 ( 0000000F )
    -------------------------------------------------------------------------
<CSTART,NEAR_CODE,RCODE> 1 (was NEAR_CODE)
  Relative segment, address: CODE 000000F3 - 00000249 (0x157 bytes), align: 0
  Segment part 14.
           ENTRY                   ADDRESS         REF BY
           =====                   =======         ======
           sblPoll                 000000F3        sblRun (sbl_main)
               calls direct
               XSTACK = 00000000 ( 0000000C )
               ISTACK = 00000000 ( 00000001 )
    -------------------------------------------------------------------------
<CSTART,NEAR_CODE,RCODE> 1 (was NEAR_CODE)
  Relative segment, address: CODE 0000024A - 00000251 (0x8 bytes), align: 0
  Segment part 15.            Intra module refs:   sblPoll
                                                   sblProc
           LOCAL                   ADDRESS         
           =====                   =======         
           ?Subroutine0            0000024A 
    -------------------------------------------------------------------------
<CSTART,NEAR_CODE,RCODE> 1 (was NEAR_CODE)
  Relative segment, address: CODE 00000252 - 000003CA (0x179 bytes), align: 0
  Segment part 16.            Intra module refs:   sblPoll
           LOCAL                   ADDRESS         
           =====                   =======         
           sblProc                 00000252 
               calls direct
               XSTACK = 0000000C ( 00000011 )

    *************************************************************************

  FILE NAME : C:\Users\Administrator\Desktop\A1\20180810-Nsuo\²»Í¬²½\BLE_NEW\Projects\ble\util\SBL\iar\cc254x\CC254xF256_UART0_ALT1\Obj\sbl_ivec.r51
  PROGRAM MODULE, NAME : sbl_ivec

  SEGMENTS IN THE MODULE
  ======================
INTVEC
  Common segment, address: CODE 00000000 - 0000008D (0x8e bytes), align: 1
  Segment part 0. ROOT.

    *************************************************************************

  FILE NAME : C:\Users\Administrator\Desktop\A1\20180810-Nsuo\²»Í¬²½\BLE_NEW\Projects\ble\util\SBL\iar\cc254x\CC254xF256_UART0_ALT1\Obj\sbl_main.r51
  PROGRAM MODULE, NAME : sbl_main

  SEGMENTS IN THE MODULE
  ======================
SFR_AN
  Relative segment, address: DATA 0000009D - 0000009D (0x1 bytes), align: 0
  Segment part 1. ROOT.       Intra module refs:   main
           ENTRY                   ADDRESS         REF BY
           =====                   =======         ======
           SLEEPSTA                0000009D 
    -------------------------------------------------------------------------
SFR_AN
  Relative segment, address: DATA 0000009E - 0000009E (0x1 bytes), align: 0
  Segment part 2. ROOT.       Intra module refs:   main
           ENTRY                   ADDRESS         REF BY
           =====                   =======         ======
           CLKCONSTA               0000009E 
    -------------------------------------------------------------------------
SFR_AN
  Relative segment, address: DATA 000000BE - 000000BE (0x1 bytes), align: 0
  Segment part 4. ROOT.       Intra module refs:   main
           ENTRY                   ADDRESS         REF BY
           =====                   =======         ======
           SLEEPCMD                000000BE 
    -------------------------------------------------------------------------
SFR_AN
  Relative segment, address: DATA 000000C6 - 000000C6 (0x1 bytes), align: 0
  Segment part 5. ROOT.       Intra module refs:   main
           ENTRY                   ADDRESS         REF BY
           =====                   =======         ======
           CLKCONCMD               000000C6 
    -------------------------------------------------------------------------
SFR_AN
  Relative segment, address: DATA 000000D4 - 000000D4 (0x1 bytes), align: 0
  Segment part 7. ROOT.       Intra module refs:   main
           ENTRY                   ADDRESS         REF BY
           =====                   =======         ======
           DMA0CFGL                000000D4 
    -------------------------------------------------------------------------
SFR_AN
  Relative segment, address: DATA 000000D5 - 000000D5 (0x1 bytes), align: 0
  Segment part 8. ROOT.       Intra module refs:   main
           ENTRY                   ADDRESS         REF BY
           =====                   =======         ======
           DMA0CFGH                000000D5 
    -------------------------------------------------------------------------
SFR_AN
  Relative segment, address: DATA 000000F1 - 000000F1 (0x1 bytes), align: 0
  Segment part 9. ROOT.       Intra module refs:   sblRun
           ENTRY                   ADDRESS         REF BY
           =====                   =======         ======
           PERCFG                  000000F1 
    -------------------------------------------------------------------------
SFR_AN
  Relative segment, address: DATA 000000F4 - 000000F4 (0x1 bytes), align: 0
  Segment part 10. ROOT.      Intra module refs:   sblRun
           ENTRY                   ADDRESS         REF BY
           =====                   =======         ======
           P1SEL                   000000F4 
    -------------------------------------------------------------------------
SFR_AN
  Relative segment, address: DATA 000000F8 - 000000F8 (0x1 bytes), align: 0
  Segment part 11. ROOT.      Intra module refs:   HalUARTRead
                                                   HalUARTWrite
                                                   sblRun
           ENTRY                   ADDRESS         REF BY
           =====                   =======         ======
           _A_U1CSR                000000F8 
           LOCAL                   ADDRESS         
           =====                   =======         
           U1CSR                   000000F8 
    -------------------------------------------------------------------------
SFR_AN
  Relative segment, address: DATA 000000F9 - 000000F9 (0x1 bytes), align: 0
  Segment part 12. ROOT.      Intra module refs:   HalUARTRead
                                                   HalUARTWrite
                                                   sblRun
           ENTRY                   ADDRESS         REF BY
           =====                   =======         ======
           U1DBUF                  000000F9 
    -------------------------------------------------------------------------
SFR_AN
  Relative segment, address: DATA 000000FA - 000000FA (0x1 bytes), align: 0
  Segment part 13. ROOT.      Intra module refs:   sblRun
           ENTRY                   ADDRESS         REF BY
           =====                   =======         ======
           U1BAUD                  000000FA 
    -------------------------------------------------------------------------
SFR_AN
  Relative segment, address: DATA 000000FB - 000000FB (0x1 bytes), align: 0
  Segment part 14. ROOT.      Intra module refs:   sblRun
           ENTRY                   ADDRESS         REF BY
           =====                   =======         ======
           U1UCR                   000000FB 
    -------------------------------------------------------------------------
SFR_AN
  Relative segment, address: DATA 000000FC - 000000FC (0x1 bytes), align: 0
  Segment part 15. ROOT.      Intra module refs:   sblRun
           ENTRY                   ADDRESS         REF BY
           =====                   =======         ======
           U1GCR                   000000FC 
    -------------------------------------------------------------------------
SFR_AN
  Relative segment, address: DATA 000000FF - 000000FF (0x1 bytes), align: 0
  Segment part 16. ROOT.      Intra module refs:   sblRun
           ENTRY                   ADDRESS         REF BY
           =====                   =======         ======
           P2DIR                   000000FF 
    -------------------------------------------------------------------------
XDATA_Z
  Relative segment, address: XDATA 00000284 - 0000028B (0x8 bytes), align: 0
  Segment part 22.            Intra module refs:   main
           ENTRY                   ADDRESS         REF BY
           =====                   =======         ======
           dmaCh0                  00000284        HalFlashWrite (hal_flash)
    -------------------------------------------------------------------------
XDATA_Z
  Relative segment, address: XDATA 0000028C - 0000028C (0x1 bytes), align: 0
  Segment part 23.            Intra module refs:   HalUARTWrite
                                                   sblRun
           LOCAL                   ADDRESS         
           =====                   =======         
           txIdx                   0000028C 
    -------------------------------------------------------------------------
XDATA_Z
  Relative segment, address: XDATA 0000028D - 0000028D (0x1 bytes), align: 0
  Segment part 24.            Intra module refs:   HalUARTWrite
                                                   sblRun
           LOCAL                   ADDRESS         
           =====                   =======         
           txLen                   0000028D 
    -------------------------------------------------------------------------
XDATA_Z
  Relative segment, address: XDATA 0000028E - 0000028F (0x2 bytes), align: 0
  Segment part 25.            Intra module refs:   HalUARTWrite
                                                   sblRun
           LOCAL                   ADDRESS         
           =====                   =======         
           pTxBuf                  0000028E 
    -------------------------------------------------------------------------
<CSTART,NEAR_CODE,RCODE> 1 (was NEAR_CODE)
  Relative segment, address: CODE 000003CB - 00000440 (0x76 bytes), align: 0
  Segment part 26.            Intra module refs:   main
           LOCAL                   ADDRESS         
           =====                   =======         
           sblRun                  000003CB 
               calls direct
               XSTACK = 00000000 ( 00000008 )
    -------------------------------------------------------------------------
<CSTART,NEAR_CODE,RCODE> 1 (was NEAR_CODE)
  Relative segment, address: CODE 00000441 - 00000457 (0x17 bytes), align: 0
  Segment part 27.
           ENTRY                   ADDRESS         REF BY
           =====                   =======         ======
           HalUARTRead             00000441        sblPoll (sbl_exec)
               ISTACK = 00000000 ( 00000003 )
    -------------------------------------------------------------------------
<CSTART,NEAR_CODE,RCODE> 1 (was NEAR_CODE)
  Relative segment, address: CODE 00000458 - 0000045C (0x5 bytes), align: 0
  Segment part 28.            Intra module refs:   HalUARTRead
                                                   HalUARTWrite
           LOCAL                   ADDRESS         
           =====                   =======         
           ?Subroutine0            00000458 
    -------------------------------------------------------------------------
<CSTART,NEAR_CODE,RCODE> 1 (was NEAR_CODE)
  Relative segment, address: CODE 0000045D - 00000482 (0x26 bytes), align: 0
  Segment part 29.
           ENTRY                   ADDRESS         REF BY
           =====                   =======         ======
           HalUARTWrite            0000045D        sblPoll (sbl_exec)
               ISTACK = 00000000 ( 00000002 )
    -------------------------------------------------------------------------
<CSTART,NEAR_CODE,RCODE> 1 (was NEAR_CODE)
  Relative segment, address: CODE 00000483 - 000004E7 (0x65 bytes), align: 0
  Segment part 30.
           ENTRY                   ADDRESS         REF BY
           =====                   =======         ======
           main                    00000483        ?call_main (?cmain)
               calls direct

    *************************************************************************

  FILE NAME : C:\Program Files (x86)\IAR Systems\Embedded Workbench 6.0\8051\LIB\CLIB\cl-pli-nlxd-1e16x01.r51
  LIBRARY MODULE, NAME : ?cexit

  SEGMENTS IN THE MODULE
  ======================
<CSTART,NEAR_CODE,RCODE> 1 (was CSTART)
  Relative segment, address: CODE 00000764 - 00000768 (0x5 bytes), align: 0
  Segment part 0.
           ENTRY                   ADDRESS         REF BY
           =====                   =======         ======
           exit                    00000764        ?call_main (?cmain)
           ?C_EXIT                 00000764 
           ?ROM_MONITOR_NOPS       00000764 

    -------------------------------------------------------------------------
  LIBRARY MODULE, NAME : ?cmain

  SEGMENTS IN THE MODULE
  ======================
<CSTART,NEAR_CODE,RCODE> 1 (was CSTART)
  Relative segment, address: CODE 0000068A, align: 0
  Segment part 0.
           ENTRY                   ADDRESS         REF BY
           =====                   =======         ======
           ?cmain                  0000068A        Segment part 13 (CSTARTUP)
    -------------------------------------------------------------------------
<CSTART,NEAR_CODE,RCODE> 1 (was CSTART)
  Relative segment, address: CODE 0000068A - 00000692 (0x9 bytes), align: 0
  Segment part 1.
           ENTRY                   ADDRESS         REF BY
           =====                   =======         ======
           __low_level_init_call   0000068A        __low_level_init (?low_level_init)
    -------------------------------------------------------------------------
<CSTART,NEAR_CODE,RCODE> 1 (was CSTART)
  Relative segment, address: CODE 00000693 - 000006A2 (0x10 bytes), align: 0
  Segment part 11.
           ENTRY                   ADDRESS         REF BY
           =====                   =======         ======
           __INIT_XDATA_Z          00000693        dmaCh0 (sbl_main)
                                                   pTxBuf (sbl_main)
                                                   rpcBuf (sbl_exec)
                                                   rpcSte (sbl_exec)
                                                   sbFcs (sbl_exec)
                                                   sbIdx (sbl_exec)
                                                   sbLen (sbl_exec)
                                                   txIdx (sbl_main)
                                                   txLen (sbl_main)
    -------------------------------------------------------------------------
<CSTART,NEAR_CODE,RCODE> 1 (was CSTART)
  Relative segment, address: CODE 000006A3, align: 0
  Segment part 32.            Intra module refs:   __low_level_init_call
    -------------------------------------------------------------------------
<CSTART,NEAR_CODE,RCODE> 1 (was CSTART)
  Relative segment, address: CODE 000006A3 - 000006A8 (0x6 bytes), align: 0
  Segment part 33.            Intra module refs:   ?cmain
           ENTRY                   ADDRESS         REF BY
           =====                   =======         ======
           ?call_main              000006A3 

    -------------------------------------------------------------------------
  LIBRARY MODULE, NAME : CSTARTUP

  SEGMENTS IN THE MODULE
  ======================
REGISTERS
  Relative segment, address: DATA 00000000, align: 0
  Segment part 0.             Intra module refs:   Segment part 6
           ENTRY                   ADDRESS         REF BY
           =====                   =======         ======
           ?REGISTERS              00000000 
    -------------------------------------------------------------------------
ISTACK
  Relative segment, address: IDATA 00000040, align: 0
  Segment part 1.             Intra module refs:   Segment part 6
           ENTRY                   ADDRESS         REF BY
           =====                   =======         ======
           ?ISTACK_START           00000040 
    -------------------------------------------------------------------------
XSTACK
  Relative segment, address: XDATA 00000000, align: 0
  Segment part 3.             Intra module refs:   ?RESET_XSP
           ENTRY                   ADDRESS         REF BY
           =====                   =======         ======
           ?XSTACK_START           00000000 
    -------------------------------------------------------------------------
INTVEC
  Common segment, address: CODE 00000000 - 00000002 (0x3 bytes), align: 0
  Segment part 5. ROOT.       Intra module refs:   Segment part 6
    -------------------------------------------------------------------------
<CSTART,NEAR_CODE,RCODE> 1 (was CSTART)
  Relative segment, address: CODE 0000073E - 00000743 (0x6 bytes), align: 0
  Segment part 6. ROOT.       Intra module refs:   Segment part 5
           ENTRY                   ADDRESS         REF BY
           =====                   =======         ======
           __program_start         0000073E        Absolute parts (?ABS_ENTRY_MOD)
           ?RESET_SP               00000741 
    -------------------------------------------------------------------------
<CSTART,NEAR_CODE,RCODE> 1 (was CSTART)
  Relative segment, address: CODE 00000744 - 00000749 (0x6 bytes), align: 0
  Segment part 8.
           ENTRY                   ADDRESS         REF BY
           =====                   =======         ======
           ?RESET_XSP              00000744        ?XSP (VIRTUAL_REGISTERS)
    -------------------------------------------------------------------------
<CSTART,NEAR_CODE,RCODE> 1 (was CSTART)
  Relative segment, address: CODE 0000074A - 0000074C (0x3 bytes), align: 0
  Segment part 13.            Intra module refs:   Absolute parts

    -------------------------------------------------------------------------
  LIBRARY MODULE, NAME : VIRTUAL_REGISTERS

  SEGMENTS IN THE MODULE
  ======================
BREG
  Relative segment, address: BIT 00000020.0 - 00000020.7 (0x8 bits), align: 0
  Segment part 0.
           ENTRY                   ADDRESS         REF BY
           =====                   =======         ======
           ?B0                     00000020.0      Absolute parts (CSTARTUP)
    -------------------------------------------------------------------------
VREG
  Relative segment, address: DATA 00000008, align: 0
  Segment part 1.
           ENTRY                   ADDRESS         REF BY
           =====                   =======         ======
           ?V0                     00000008        ?FUNC_ENTER_XDATA (?FUNC_ENTER_XDATA)
                                                   ?FUNC_LEAVE_XDATA (?FUNC_LEAVE_XDATA)
                                                   HalFlashRead (hal_flash)
                                                   HalFlashWrite (hal_flash)
                                                   sblInit (sbl_exec)
                                                   sblPoll (sbl_exec)
                                                   sblProc (sbl_exec)
                                                   sblRun (sbl_main)
    -------------------------------------------------------------------------
XSP
  Relative segment, address: DATA 00000018 - 00000019 (0x2 bytes), align: 0
  Segment part 3.
           ENTRY                   ADDRESS         REF BY
           =====                   =======         ======
           ?XSP                    00000018        ?ADD_XSTACK_DISP0_8 (?ADD_XSTACK_DISP8)
                                                   ?ALLOC_XSTACK8 (?ALLOC_XSTACK8)
                                                   ?DEALLOC_XSTACK8 (?DEALLOC_XSTACK8)
                                                   ?FUNC_ENTER_XDATA (?FUNC_ENTER_XDATA)
                                                   ?FUNC_LEAVE_XDATA (?FUNC_LEAVE_XDATA)
                                                   ?RESET_XSP (CSTARTUP)
                                                   ?XSTACK_DISP0_8 (?XSTACK_DISP8)
                                                   sblInit (sbl_exec)
                                                   sblPoll (sbl_exec)
                                                   sblProc (sbl_exec)

    -------------------------------------------------------------------------
  LIBRARY MODULE, NAME : ?MOVE_LONG8_XDATA_IDATA

  SEGMENTS IN THE MODULE
  ======================
<CSTART,NEAR_CODE,RCODE> 1 (was RCODE)
  Relative segment, address: CODE 0000074D - 00000759 (0xd bytes), align: 0
  Segment part 0.
           ENTRY                   ADDRESS         REF BY
           =====                   =======         ======
           ?MOVE_LONG8_XDATA_IDATA
                                   0000074D        ?PUSH_XSTACK_I (?PUSH_XSTACK_I)

    -------------------------------------------------------------------------
  LIBRARY MODULE, NAME : ?US_SHR

  SEGMENTS IN THE MODULE
  ======================
<CSTART,NEAR_CODE,RCODE> 1 (was RCODE)
  Relative segment, address: CODE 0000072F - 00000731 (0x3 bytes), align: 0
  Segment part 1.             Intra module refs:   Segment part 2
           ENTRY                   ADDRESS         REF BY
           =====                   =======         ======
           ?US_SHR                 0000072F        HalFlashWrite (hal_flash)
                                                   sblProc (sbl_exec)
    -------------------------------------------------------------------------
<CSTART,NEAR_CODE,RCODE> 1 (was RCODE)
  Relative segment, address: CODE 00000732 - 0000073D (0xc bytes), align: 0
  Segment part 2.             Intra module refs:   ?US_SHR

    -------------------------------------------------------------------------
  LIBRARY MODULE, NAME : ?S_SHL

  SEGMENTS IN THE MODULE
  ======================
<CSTART,NEAR_CODE,RCODE> 1 (was RCODE)
  Relative segment, address: CODE 0000070B - 0000070D (0x3 bytes), align: 0
  Segment part 0.
           ENTRY                   ADDRESS         REF BY
           =====                   =======         ======
           ?S_SHL                  0000070B        HalFlashRead (hal_flash)
                                                   sblProc (sbl_exec)
    -------------------------------------------------------------------------
<CSTART,NEAR_CODE,RCODE> 1 (was RCODE)
  Relative segment, address: CODE 0000070E - 00000710 (0x3 bytes), align: 0
  Segment part 1.             Intra module refs:   Segment part 2
           ENTRY                   ADDRESS         REF BY
           =====                   =======         ======
           ?S_SHL_REW              0000070E 
    -------------------------------------------------------------------------
<CSTART,NEAR_CODE,RCODE> 1 (was RCODE)
  Relative segment, address: CODE 00000711 - 0000071D (0xd bytes), align: 0
  Segment part 2.             Intra module refs:   ?S_SHL
                                                   ?S_SHL_REW

    -------------------------------------------------------------------------
  LIBRARY MODULE, NAME : ?ALLOC_XSTACK8

  SEGMENTS IN THE MODULE
  ======================
<CSTART,NEAR_CODE,RCODE> 1 (was RCODE)
  Relative segment, address: CODE 000006F5 - 0000070A (0x16 bytes), align: 0
  Segment part 0.
           ENTRY                   ADDRESS         REF BY
           =====                   =======         ======
           ?ALLOC_XSTACK8          000006F5        sblInit (sbl_exec)
                                                   sblPoll (sbl_exec)
                                                   sblProc (sbl_exec)

    -------------------------------------------------------------------------
  LIBRARY MODULE, NAME : ?DEALLOC_XSTACK8

  SEGMENTS IN THE MODULE
  ======================
<CSTART,NEAR_CODE,RCODE> 1 (was RCODE)
  Relative segment, address: CODE 000006C4 - 000006DD (0x1a bytes), align: 0
  Segment part 0.
           ENTRY                   ADDRESS         REF BY
           =====                   =======         ======
           ?DEALLOC_XSTACK8        000006C4        ?Subroutine0 (sbl_exec)
                                                   sblInit (sbl_exec)
                                                   sblProc (sbl_exec)

    -------------------------------------------------------------------------
  LIBRARY MODULE, NAME : ?ADD_XSTACK_DISP8

  SEGMENTS IN THE MODULE
  ======================
<CSTART,NEAR_CODE,RCODE> 1 (was RCODE)
  Relative segment, address: CODE 000006A9 - 000006C3 (0x1b bytes), align: 0
  Segment part 1.
           ENTRY                   ADDRESS         REF BY
           =====                   =======         ======
           ?ADD_XSTACK_DISP0_8     000006A9        ?PUSH_XSTACK_I (?PUSH_XSTACK_I)

    -------------------------------------------------------------------------
  LIBRARY MODULE, NAME : ?XSTACK_DISP8

  SEGMENTS IN THE MODULE
  ======================
<CSTART,NEAR_CODE,RCODE> 1 (was RCODE)
  Relative segment, address: CODE 0000075A - 00000763 (0xa bytes), align: 0
  Segment part 1.
           ENTRY                   ADDRESS         REF BY
           =====                   =======         ======
           ?XSTACK_DISP0_8         0000075A        HalFlashRead (hal_flash)
                                                   HalFlashWrite (hal_flash)
                                                   sblInit (sbl_exec)
                                                   sblProc (sbl_exec)

    -------------------------------------------------------------------------
  LIBRARY MODULE, NAME : ?FUNC_ENTER_XDATA

  SEGMENTS IN THE MODULE
  ======================
<CSTART,NEAR_CODE,RCODE> 1 (was RCODE)
  Relative segment, address: CODE 000005E4 - 00000649 (0x66 bytes), align: 0
  Segment part 1.
           ENTRY                   ADDRESS         REF BY
           =====                   =======         ======
           ?FUNC_ENTER_XDATA       000005E4        HalFlashRead (hal_flash)
                                                   HalFlashWrite (hal_flash)
                                                   sblInit (sbl_exec)
                                                   sblPoll (sbl_exec)
                                                   sblProc (sbl_exec)
                                                   sblRun (sbl_main)

    -------------------------------------------------------------------------
  LIBRARY MODULE, NAME : ?FUNC_LEAVE_XDATA

  SEGMENTS IN THE MODULE
  ======================
<CSTART,NEAR_CODE,RCODE> 1 (was RCODE)
  Relative segment, address: CODE 0000064A - 00000689 (0x40 bytes), align: 0
  Segment part 1.
           ENTRY                   ADDRESS         REF BY
           =====                   =======         ======
           ?FUNC_LEAVE_XDATA       0000064A        ?Subroutine0 (sbl_exec)
                                                   HalFlashRead (hal_flash)
                                                   HalFlashWrite (hal_flash)
                                                   sblInit (sbl_exec)

    -------------------------------------------------------------------------
  LIBRARY MODULE, NAME : ?PUSH_XSTACK_I

  SEGMENTS IN THE MODULE
  ======================
<CSTART,NEAR_CODE,RCODE> 1 (was RCODE)
  Relative segment, address: CODE 0000071E - 00000721 (0x4 bytes), align: 0
  Segment part 2.
           ENTRY                   ADDRESS         REF BY
           =====                   =======         ======
           ?PUSH_XSTACK_I_TWO      0000071E        sblInit (sbl_exec)
                                                   sblProc (sbl_exec)
    -------------------------------------------------------------------------
<CSTART,NEAR_CODE,RCODE> 1 (was RCODE)
  Relative segment, address: CODE 00000722 - 0000072E (0xd bytes), align: 0
  Segment part 4.             Intra module refs:   ?PUSH_XSTACK_I_TWO
           ENTRY                   ADDRESS         REF BY
           =====                   =======         ======
           ?PUSH_XSTACK_I          00000722 

    -------------------------------------------------------------------------
  LIBRARY MODULE, NAME : ?low_level_init

  SEGMENTS IN THE MODULE
  ======================
<CSTART,NEAR_CODE,RCODE> 1 (was CSTART)
  Relative segment, address: CODE 00000769 - 0000076B (0x3 bytes), align: 0
  Segment part 6. ROOT.
           ENTRY                   ADDRESS         REF BY
           =====                   =======         ======
           __low_level_init        00000769        __low_level_init_call (?cmain)

    *************************************************************************

  DEFINED ABSOLUTE ENTRIES
  PROGRAM MODULE, NAME : ?FILLER_BYTES

  SEGMENTS IN THE MODULE
  ======================
INTVEC
  Common segment, address: CODE 00000000 - 0000008D (0x8e bytes), align: 0
  Segment part 1.
    -------------------------------------------------------------------------
?FILL1
  Relative segment, address: CODE 0000076C - 000007FF (0x94 bytes), align: 0
  Segment part 0.




                ****************************************
                *                                      *
                *            MODULE SUMMARY            *
                *                                      *
                ****************************************

Module                    CODE      DATA      XDATA  IDATA    BIT
------                    ----      ----      -----  -----    ---
                         (Rel)  (Rel)  (Abs)  (Rel)  (Rel)  (Rel)
?ADD_XSTACK_DISP8           27
?ALLOC_XSTACK8              22
?DEALLOC_XSTACK8            26
?FILLER_BYTES              148
  + common                 142
?FUNC_ENTER_XDATA          102
?FUNC_LEAVE_XDATA           64
?MOVE_LONG8_XDATA_IDATA     13
?PUSH_XSTACK_I              17
?S_SHL                      19
?US_SHR                     15
?XSTACK_DISP8               10
?cexit                       5
?cmain                      31
?low_level_init              3
CSTARTUP                    15
  + common                   3
VIRTUAL_REGISTERS                   2                           8
hal_adc                     23             5
hal_flash                  252             3
  + shared                                 1
sbl_exec                   829                  260
  + shared                                 1
sbl_ivec
  + common                 142
sbl_main                   285            14     12
N/A (command line)                 24           384    192
N/A (alignment)
----------               -----     --     --    ---    ---      -
Total:                   1 906     26     24    656    192      8
  + common                 142


                ****************************************
                *                                      *
                *      SEGMENTS IN ADDRESS ORDER       *
                *                                      *
                ****************************************


SEGMENT              SPACE    START ADDRESS   END ADDRESS     SIZE  TYPE  ALIGN
=======              =====    =============   ===========     ====  ====  =====
INTVEC               CODE          00000000 - 0000008D          8E   com    1
<CSTART,NEAR_CODE,RCODE> 1
                     CODE          0000008E - 0000076B         6DE   rel    0
?FILL1               CODE          0000076C - 000007FF          94   rel    0
REGISTERS            DATA          00000000 - 00000007           8   rel    0
VREG                 DATA          00000008 - 00000017          10   rel    0
PSP                  DATA               00000018                     dse    0
XSP                  DATA          00000018 - 00000019           2   rel    0
BREG                 BIT        00000020.0  -  00000020.7        8   rel    0
SFR_AN               DATA          0000009D - 0000009E           2   rel    0
                     DATA          000000A8 - 000000A8           1 
                     DATA          000000B4 - 000000B4           1 
                     DATA          000000B6 - 000000B6           1 
                     DATA          000000BA - 000000BB           2 
                     DATA          000000BE - 000000BE           1 
                     DATA          000000C6 - 000000C7           2 
                     DATA          000000C9 - 000000C9           1 
                     DATA          000000D1 - 000000D1           1 
                     DATA          000000D4 - 000000D6           3 
                     DATA          000000F1 - 000000F2           2 
                     DATA          000000F4 - 000000F4           1 
                     DATA          000000F8 - 000000FC           5 
                     DATA          000000FF - 000000FF           1 
XSTACK               XDATA         00000000 - 0000017F         180   rel    0
XDATA_Z              XDATA         00000180 - 0000028F         110   rel    0
ISTACK               IDATA         00000040 - 000000FF          C0   rel    0

                ****************************************
                *                                      *
                *        END OF CROSS REFERENCE        *
                *                                      *
                ****************************************

 1 900 bytes of CODE  memory (+             148 range fill )
    26 bytes of DATA  memory (+ 24 absolute )
   656 bytes of XDATA memory
   192 bytes of IDATA memory
     8 bits  of BIT   memory

Errors: none
Warnings: none

